student@administrator-IdeaCentre-3-07IMB05:~/Desktop$ sudo service oracle-xe start
[sudo] password for student: 
student@administrator-IdeaCentre-3-07IMB05:~/Desktop$ sqlplus

SQL*Plus: Release 11.2.0.2.0 Production on Fri Dec 12 10:08:15 2025

Copyright (c) 1982, 2011, Oracle.  All rights reserved.

Enter user-name: student
Enter password: 

Connected to:
Oracle Database 11g Express Edition Release 11.2.0.2.0 - 64bit Production

SQL> create table computer(name varchar2(10),regno number(10));

Table created.

SQL> insert into computer values('&name'.'&regno');
Enter value for name: thameem
Enter value for regno: 101
old   1: insert into computer values('&name'.'&regno')
new   1: insert into computer values('thameem'.'101')
insert into computer values('thameem'.'101')
                                     *
ERROR at line 1:
ORA-00917: missing comma


SQL> insert into computer values('&name','&regno');
Enter value for name: thameem
Enter value for regno: 101
old   1: insert into computer values('&name','&regno')
new   1: insert into computer values('thameem','101')

1 row created.

SQL> /
Enter value for name: mohamed
Enter value for regno: 102
old   1: insert into computer values('&name','&regno')
new   1: insert into computer values('mohamed','102')

1 row created.

SQL> /
Enter value for name: ansari
Enter value for regno: 103
old   1: insert into computer values('&name','&regno')
new   1: insert into computer values('ansari','103')

1 row created.

SQL> /
Enter value for name: syed
Enter value for regno: 104
old   1: insert into computer values('&name','&regno')
new   1: insert into computer values('syed','104')

1 row created.

SQL> select * from computer;

NAME		REGNO
---------- ----------
thameem 	  101
mohamed 	  102
ansari		  103
syed		  104

